button_main.c:26:6:Button_A_Init	0	static
button_main.c:47:9:Button_B_Read	0	static
button_main.c:68:6:Button_A_Callback	0	static
button_main.c:43:9:Button_A_Read	8	static
button_main.c:80:6:Button_B_Callback	0	static
button_main.c:84:6:Button_C_Callback	0	static
button_main.c:88:6:Button_D_Callback	0	static
button_main.c:92:6:Button_E_Callback	0	static
button_main.c:59:9:Button_E_Read	0	static
button_main.c:51:9:Button_C_Read	0	static
button_main.c:55:9:Button_D_Read	0	static
button_main.c:30:6:Button_B_Init	0	static
button_main.c:33:6:Button_C_Init	0	static
button_main.c:36:6:Button_D_Init	0	static
button_main.c:39:6:Button_E_Init	0	static
button_main.c:12:10:Button_Get_Tick	0	static
button_main.c:18:5:__io_putchar	0	static
button_main.c:97:6:Button_Main	24	static
